------------------------------------------------------------
TimeQuest Timing Analyzer Summary
------------------------------------------------------------

Type  : Slow Model Setup 'vga_sync:vga_sync_dev|clk_div'
Slack : -2.353
TNS   : -47.240

Type  : Slow Model Setup 'clk'
Slack : 2.116
TNS   : 0.000

Type  : Slow Model Hold 'clk'
Slack : -1.864
TNS   : -1.864

Type  : Slow Model Hold 'vga_sync:vga_sync_dev|clk_div'
Slack : 0.445
TNS   : 0.000

Type  : Slow Model Minimum Pulse Width 'clk'
Slack : -1.631
TNS   : -2.853

Type  : Slow Model Minimum Pulse Width 'vga_sync:vga_sync_dev|clk_div'
Slack : -0.611
TNS   : -26.884

Type  : Fast Model Setup 'vga_sync:vga_sync_dev|clk_div'
Slack : -0.371
TNS   : -5.451

Type  : Fast Model Setup 'clk'
Slack : 1.343
TNS   : 0.000

Type  : Fast Model Hold 'clk'
Slack : -0.963
TNS   : -0.963

Type  : Fast Model Hold 'vga_sync:vga_sync_dev|clk_div'
Slack : 0.215
TNS   : 0.000

Type  : Fast Model Minimum Pulse Width 'clk'
Slack : -1.380
TNS   : -2.380

Type  : Fast Model Minimum Pulse Width 'vga_sync:vga_sync_dev|clk_div'
Slack : -0.500
TNS   : -22.000

------------------------------------------------------------
